Archive member included to satisfy reference by file (symbol)

c:/intelfpga_lite/18.1/nios2eds/bin/gnu/h-x86_64-mingw32/bin/../lib/gcc/nios2-elf/5.3.0/../../../../../H-x86_64-mingw32/nios2-elf/lib/mno-hw-mul\libsmallc.a(lib_a-memcpy.o)
                              obj/default/main.o (memcpy)
../aestiming_bsp/\libhal_bsp.a(alt_load.o)
                              ../aestiming_bsp//obj/HAL/src/crt0.o (alt_load)
../aestiming_bsp/\libhal_bsp.a(alt_main.o)
                              ../aestiming_bsp//obj/HAL/src/crt0.o (alt_main)
../aestiming_bsp/\libhal_bsp.a(alt_sys_init.o)
                              ../aestiming_bsp/\libhal_bsp.a(alt_main.o) (alt_irq_init)
../aestiming_bsp/\libhal_bsp.a(altera_avalon_timer_vars.o)
                              ../aestiming_bsp/\libhal_bsp.a(alt_sys_init.o) (altera_avalon_timer_ts_freq)
../aestiming_bsp/\libhal_bsp.a(alt_dcache_flush_all.o)
                              ../aestiming_bsp/\libhal_bsp.a(alt_load.o) (alt_dcache_flush_all)
../aestiming_bsp/\libhal_bsp.a(alt_icache_flush_all.o)
                              ../aestiming_bsp/\libhal_bsp.a(alt_load.o) (alt_icache_flush_all)
../aestiming_bsp/\libhal_bsp.a(altera_nios2_gen2_irq.o)
                              ../aestiming_bsp/\libhal_bsp.a(alt_sys_init.o) (altera_nios2_gen2_irq_init)

Memory Configuration

Name             Origin             Length             Attributes
reset            0x0000000000010000 0x0000000000000020
onchip_memory2_0 0x0000000000010020 0x000000000000ffe0
*default*        0x0000000000000000 0xffffffffffffffff

Linker script and memory map

LOAD ../aestiming_bsp//obj/HAL/src/crt0.o
LOAD obj/default/aes.o
LOAD obj/default/main.o
LOAD c:/intelfpga_lite/18.1/nios2eds/bin/gnu/h-x86_64-mingw32/bin/../lib/gcc/nios2-elf/5.3.0/../../../../../H-x86_64-mingw32/nios2-elf/lib/mno-hw-mul\libstdc++.a
LOAD c:/intelfpga_lite/18.1/nios2eds/bin/gnu/h-x86_64-mingw32/bin/../lib/gcc/nios2-elf/5.3.0/../../../../../H-x86_64-mingw32/nios2-elf/lib/mno-hw-mul\libm.a
LOAD c:/intelfpga_lite/18.1/nios2eds/bin/gnu/h-x86_64-mingw32/bin/../lib/gcc/nios2-elf/5.3.0/mno-hw-mul\libgcc.a
START GROUP
LOAD c:/intelfpga_lite/18.1/nios2eds/bin/gnu/h-x86_64-mingw32/bin/../lib/gcc/nios2-elf/5.3.0/../../../../../H-x86_64-mingw32/nios2-elf/lib/mno-hw-mul\libsmallc.a
LOAD c:/intelfpga_lite/18.1/nios2eds/bin/gnu/h-x86_64-mingw32/bin/../lib/gcc/nios2-elf/5.3.0/mno-hw-mul\libgcc.a
LOAD ../aestiming_bsp/\libhal_bsp.a
LOAD c:/intelfpga_lite/18.1/nios2eds/bin/gnu/h-x86_64-mingw32/bin/../lib/gcc/nios2-elf/5.3.0/../../../../../H-x86_64-mingw32/nios2-elf/lib/mno-hw-mul\libm.a
END GROUP
LOAD c:/intelfpga_lite/18.1/nios2eds/bin/gnu/h-x86_64-mingw32/bin/../lib/gcc/nios2-elf/5.3.0/mno-hw-mul\libgcc.a
                0x0000000000010000                __alt_mem_onchip_memory2_0 = 0x10000

.entry          0x0000000000010000       0x20
 *(.entry)
 .entry         0x0000000000010000       0x20 ../aestiming_bsp//obj/HAL/src/crt0.o
                0x0000000000010000                __reset
                0x000000000001000c                _exit

.exceptions     0x0000000000010020        0x0
                0x0000000000010020                PROVIDE (__ram_exceptions_start, ABSOLUTE (.))
                0x0000000000010020                . = ALIGN (0x20)
 *(.irq)
 *(.exceptions.entry.label)
 *(.exceptions.entry.user)
 *(.exceptions.entry.ecc_fatal)
 *(.exceptions.entry)
 *(.exceptions.irqtest.user)
 *(.exceptions.irqtest)
 *(.exceptions.irqhandler.user)
 *(.exceptions.irqhandler)
 *(.exceptions.irqreturn.user)
 *(.exceptions.irqreturn)
 *(.exceptions.notirq.label)
 *(.exceptions.notirq.user)
 *(.exceptions.notirq)
 *(.exceptions.soft.user)
 *(.exceptions.soft)
 *(.exceptions.unknown.user)
 *(.exceptions.unknown)
 *(.exceptions.exit.label)
 *(.exceptions.exit.user)
 *(.exceptions.exit)
 *(.exceptions)
                0x0000000000010020                PROVIDE (__ram_exceptions_end, ABSOLUTE (.))
                0x0000000000010020                PROVIDE (__flash_exceptions_start, LOADADDR (.exceptions))

.text           0x0000000000010020     0x1e54
                [!provide]                        PROVIDE (stext, ABSOLUTE (.))
 *(.interp)
 *(.hash)
 *(.dynsym)
 *(.dynstr)
 *(.gnu.version)
 *(.gnu.version_d)
 *(.gnu.version_r)
 *(.rel.init)
 *(.rela.init)
 *(.rel.text .rel.text.* .rel.gnu.linkonce.t.*)
 *(.rela.text .rela.text.* .rela.gnu.linkonce.t.*)
 *(.rel.fini)
 *(.rela.fini)
 *(.rel.rodata .rel.rodata.* .rel.gnu.linkonce.r.*)
 *(.rela.rodata .rela.rodata.* .rela.gnu.linkonce.r.*)
 *(.rel.data .rel.data.* .rel.gnu.linkonce.d.*)
 *(.rela.data .rela.data.* .rela.gnu.linkonce.d.*)
 *(.rel.tdata .rel.tdata.* .rel.gnu.linkonce.td.*)
 *(.rela.tdata .rela.tdata.* .rela.gnu.linkonce.td.*)
 *(.rel.tbss .rel.tbss.* .rel.gnu.linkonce.tb.*)
 *(.rela.tbss .rela.tbss.* .rela.gnu.linkonce.tb.*)
 *(.rel.ctors)
 *(.rela.ctors)
 *(.rel.dtors)
 *(.rela.dtors)
 *(.rel.got)
 *(.rela.got)
 *(.rel.sdata .rel.sdata.* .rel.gnu.linkonce.s.*)
 *(.rela.sdata .rela.sdata.* .rela.gnu.linkonce.s.*)
 *(.rel.sbss .rel.sbss.* .rel.gnu.linkonce.sb.*)
 *(.rela.sbss .rela.sbss.* .rela.gnu.linkonce.sb.*)
 *(.rel.sdata2 .rel.sdata2.* .rel.gnu.linkonce.s2.*)
 *(.rela.sdata2 .rela.sdata2.* .rela.gnu.linkonce.s2.*)
 *(.rel.sbss2 .rel.sbss2.* .rel.gnu.linkonce.sb2.*)
 *(.rela.sbss2 .rela.sbss2.* .rela.gnu.linkonce.sb2.*)
 *(.rel.bss .rel.bss.* .rel.gnu.linkonce.b.*)
 *(.rela.bss .rela.bss.* .rela.gnu.linkonce.b.*)
 *(.rel.plt)
 *(.rela.plt)
 *(.rel.dyn)
 *(.init)
 *(.plt)
 *(.text .stub .text.* .gnu.linkonce.t.*)
 .text          0x0000000000010020       0x3c ../aestiming_bsp//obj/HAL/src/crt0.o
                0x0000000000010020                _start
 .text          0x000000000001005c     0x1834 obj/default/aes.o
                0x000000000001005c                AES_set_encrypt_key
                0x0000000000010688                AES_set_decrypt_key
                0x0000000000010a10                AES_encrypt
                0x0000000000011150                AES_decrypt
 .text          0x0000000000011890      0x394 obj/default/main.o
                0x0000000000011890                AES_encrypt_CI
                0x0000000000011a54                AES_decrypt_CI
                0x0000000000011c18                mark
 .text.startup  0x0000000000011c24       0xd0 obj/default/main.o
                0x0000000000011c24                main
 .text          0x0000000000011cf4        0x0 c:/intelfpga_lite/18.1/nios2eds/bin/gnu/h-x86_64-mingw32/bin/../lib/gcc/nios2-elf/5.3.0/../../../../../H-x86_64-mingw32/nios2-elf/lib/mno-hw-mul\libsmallc.a(lib_a-memcpy.o)
 .text.memcpy   0x0000000000011cf4       0x28 c:/intelfpga_lite/18.1/nios2eds/bin/gnu/h-x86_64-mingw32/bin/../lib/gcc/nios2-elf/5.3.0/../../../../../H-x86_64-mingw32/nios2-elf/lib/mno-hw-mul\libsmallc.a(lib_a-memcpy.o)
                0x0000000000011cf4                memcpy
 .text          0x0000000000011d1c       0xe0 ../aestiming_bsp/\libhal_bsp.a(alt_load.o)
                0x0000000000011d1c                alt_load
 .text          0x0000000000011dfc       0x2c ../aestiming_bsp/\libhal_bsp.a(alt_main.o)
                0x0000000000011dfc                alt_main
 .text          0x0000000000011e28       0x3c ../aestiming_bsp/\libhal_bsp.a(alt_sys_init.o)
                0x0000000000011e28                alt_irq_init
                0x0000000000011e48                alt_sys_init
 .text          0x0000000000011e64        0x0 ../aestiming_bsp/\libhal_bsp.a(altera_avalon_timer_vars.o)
 .text          0x0000000000011e64        0x4 ../aestiming_bsp/\libhal_bsp.a(alt_dcache_flush_all.o)
                0x0000000000011e64                alt_dcache_flush_all
 .text          0x0000000000011e68        0x4 ../aestiming_bsp/\libhal_bsp.a(alt_icache_flush_all.o)
                0x0000000000011e68                alt_icache_flush_all
 .text          0x0000000000011e6c        0x8 ../aestiming_bsp/\libhal_bsp.a(altera_nios2_gen2_irq.o)
                0x0000000000011e6c                altera_nios2_gen2_irq_init
 *(.gnu.warning.*)
 *(.fini)
                [!provide]                        PROVIDE (__etext, ABSOLUTE (.))
                [!provide]                        PROVIDE (_etext, ABSOLUTE (.))
                [!provide]                        PROVIDE (etext, ABSOLUTE (.))
 *(.eh_frame_hdr)
                0x0000000000011e74                . = ALIGN (0x4)
                [!provide]                        PROVIDE (__preinit_array_start, ABSOLUTE (.))
 *(.preinit_array)
                [!provide]                        PROVIDE (__preinit_array_end, ABSOLUTE (.))
                [!provide]                        PROVIDE (__init_array_start, ABSOLUTE (.))
 *(.init_array)
                [!provide]                        PROVIDE (__init_array_end, ABSOLUTE (.))
                [!provide]                        PROVIDE (__fini_array_start, ABSOLUTE (.))
 *(.fini_array)
                [!provide]                        PROVIDE (__fini_array_end, ABSOLUTE (.))
 *(.eh_frame)
 *(.gcc_except_table .gcc_except_table.*)
 *(.dynamic)
                [!provide]                        PROVIDE (__CTOR_LIST__, ABSOLUTE (.))
 *(.ctors)
 *(SORT(.ctors.*))
                [!provide]                        PROVIDE (__CTOR_END__, ABSOLUTE (.))
                [!provide]                        PROVIDE (__DTOR_LIST__, ABSOLUTE (.))
 *(.dtors)
 *(SORT(.dtors.*))
                [!provide]                        PROVIDE (__DTOR_END__, ABSOLUTE (.))
 *(.jcr)
                0x0000000000011e74                . = ALIGN (0x4)

.rodata         0x0000000000011e74     0x2848
                0x0000000000011e74                PROVIDE (__ram_rodata_start, ABSOLUTE (.))
                0x0000000000011e74                . = ALIGN (0x4)
 *(.rodata .rodata.* .gnu.linkonce.r.*)
 .rodata        0x0000000000011e74     0x2828 obj/default/aes.o
 .rodata        0x000000000001469c       0x20 obj/default/main.o
 *(.rodata1)
                0x00000000000146bc                . = ALIGN (0x4)
                0x00000000000146bc                PROVIDE (__ram_rodata_end, ABSOLUTE (.))
                0x0000000000011e74                PROVIDE (__flash_rodata_start, LOADADDR (.rodata))

.rwdata         0x00000000000146bc        0x4 load address 0x00000000000146c0
                0x00000000000146bc                PROVIDE (__ram_rwdata_start, ABSOLUTE (.))
                0x00000000000146bc                . = ALIGN (0x4)
 *(.got.plt)
 *(.got)
 *(.data1)
 *(.data .data.* .gnu.linkonce.d.*)
 .data          0x00000000000146bc        0x0 ../aestiming_bsp//obj/HAL/src/crt0.o
 .data          0x00000000000146bc        0x0 obj/default/aes.o
 .data          0x00000000000146bc        0x0 obj/default/main.o
 .data          0x00000000000146bc        0x0 c:/intelfpga_lite/18.1/nios2eds/bin/gnu/h-x86_64-mingw32/bin/../lib/gcc/nios2-elf/5.3.0/../../../../../H-x86_64-mingw32/nios2-elf/lib/mno-hw-mul\libsmallc.a(lib_a-memcpy.o)
 .data          0x00000000000146bc        0x0 ../aestiming_bsp/\libhal_bsp.a(alt_load.o)
 .data          0x00000000000146bc        0x0 ../aestiming_bsp/\libhal_bsp.a(alt_main.o)
 .data          0x00000000000146bc        0x0 ../aestiming_bsp/\libhal_bsp.a(alt_sys_init.o)
 .data          0x00000000000146bc        0x0 ../aestiming_bsp/\libhal_bsp.a(altera_avalon_timer_vars.o)
 .data          0x00000000000146bc        0x0 ../aestiming_bsp/\libhal_bsp.a(alt_dcache_flush_all.o)
 .data          0x00000000000146bc        0x0 ../aestiming_bsp/\libhal_bsp.a(alt_icache_flush_all.o)
 .data          0x00000000000146bc        0x0 ../aestiming_bsp/\libhal_bsp.a(altera_nios2_gen2_irq.o)
                0x000000000001c6bc                _gp = ABSOLUTE ((. + 0x8000))
                [!provide]                        PROVIDE (gp, _gp)
 *(.rwdata .rwdata.*)
 *(.sdata .sdata.* .gnu.linkonce.s.*)
 .sdata         0x00000000000146bc        0x4 ../aestiming_bsp/\libhal_bsp.a(alt_sys_init.o)
                0x00000000000146bc                jtag_uart_0
 *(.sdata2 .sdata2.* .gnu.linkonce.s2.*)
                0x00000000000146c0                . = ALIGN (0x4)
                0x00000000000146c0                _edata = ABSOLUTE (.)
                [!provide]                        PROVIDE (edata, ABSOLUTE (.))
                0x00000000000146c0                PROVIDE (__ram_rwdata_end, ABSOLUTE (.))
                0x00000000000146c0                PROVIDE (__flash_rwdata_start, LOADADDR (.rwdata))

.bss            0x00000000000146c4       0x14
                0x00000000000146c4                __bss_start = ABSOLUTE (.)
                [!provide]                        PROVIDE (__sbss_start, ABSOLUTE (.))
                [!provide]                        PROVIDE (___sbss_start, ABSOLUTE (.))
 *(.dynsbss)
 *(.sbss .sbss.* .gnu.linkonce.sb.*)
 .sbss          0x00000000000146c4        0xc ../aestiming_bsp/\libhal_bsp.a(alt_main.o)
                0x00000000000146c4                alt_envp
                0x00000000000146c8                alt_argv
                0x00000000000146cc                alt_argc
 .sbss          0x00000000000146d0        0x8 ../aestiming_bsp/\libhal_bsp.a(altera_avalon_timer_vars.o)
                0x00000000000146d0                altera_avalon_timer_ts_freq
                0x00000000000146d4                altera_avalon_timer_ts_base
 *(.sbss2 .sbss2.* .gnu.linkonce.sb2.*)
 *(.scommon)
                [!provide]                        PROVIDE (__sbss_end, ABSOLUTE (.))
                [!provide]                        PROVIDE (___sbss_end, ABSOLUTE (.))
 *(.dynbss)
 *(.bss .bss.* .gnu.linkonce.b.*)
 .bss           0x00000000000146d8        0x0 ../aestiming_bsp//obj/HAL/src/crt0.o
 .bss           0x00000000000146d8        0x0 obj/default/aes.o
 .bss           0x00000000000146d8        0x0 obj/default/main.o
 .bss           0x00000000000146d8        0x0 c:/intelfpga_lite/18.1/nios2eds/bin/gnu/h-x86_64-mingw32/bin/../lib/gcc/nios2-elf/5.3.0/../../../../../H-x86_64-mingw32/nios2-elf/lib/mno-hw-mul\libsmallc.a(lib_a-memcpy.o)
 .bss           0x00000000000146d8        0x0 ../aestiming_bsp/\libhal_bsp.a(alt_load.o)
 .bss           0x00000000000146d8        0x0 ../aestiming_bsp/\libhal_bsp.a(alt_main.o)
 .bss           0x00000000000146d8        0x0 ../aestiming_bsp/\libhal_bsp.a(alt_sys_init.o)
 .bss           0x00000000000146d8        0x0 ../aestiming_bsp/\libhal_bsp.a(altera_avalon_timer_vars.o)
 .bss           0x00000000000146d8        0x0 ../aestiming_bsp/\libhal_bsp.a(alt_dcache_flush_all.o)
 .bss           0x00000000000146d8        0x0 ../aestiming_bsp/\libhal_bsp.a(alt_icache_flush_all.o)
 .bss           0x00000000000146d8        0x0 ../aestiming_bsp/\libhal_bsp.a(altera_nios2_gen2_irq.o)
 *(COMMON)
                0x00000000000146d8                . = ALIGN (0x4)
                0x00000000000146d8                __bss_end = ABSOLUTE (.)

.onchip_memory2_0
                0x00000000000146d8        0x0
                [!provide]                        PROVIDE (_alt_partition_onchip_memory2_0_start, ABSOLUTE (.))
 *(.onchip_memory2_0 .onchip_memory2_0. onchip_memory2_0.*)
                0x00000000000146d8                . = ALIGN (0x4)
                [!provide]                        PROVIDE (_alt_partition_onchip_memory2_0_end, ABSOLUTE (.))
                0x00000000000146d8                _end = ABSOLUTE (.)
                0x00000000000146d8                end = ABSOLUTE (.)
                0x00000000000146d8                __alt_stack_base = ABSOLUTE (.)
                [!provide]                        PROVIDE (_alt_partition_onchip_memory2_0_load_addr, LOADADDR (.onchip_memory2_0))

.stab
 *(.stab)

.stabstr
 *(.stabstr)

.stab.excl
 *(.stab.excl)

.stab.exclstr
 *(.stab.exclstr)

.stab.index
 *(.stab.index)

.stab.indexstr
 *(.stab.indexstr)

.comment        0x0000000000000000       0x23
 *(.comment)
 .comment       0x0000000000000000       0x23 obj/default/aes.o
                                         0x24 (size before relaxing)
 .comment       0x0000000000000023       0x24 obj/default/main.o
 .comment       0x0000000000000023       0x24 c:/intelfpga_lite/18.1/nios2eds/bin/gnu/h-x86_64-mingw32/bin/../lib/gcc/nios2-elf/5.3.0/../../../../../H-x86_64-mingw32/nios2-elf/lib/mno-hw-mul\libsmallc.a(lib_a-memcpy.o)
 .comment       0x0000000000000023       0x24 ../aestiming_bsp/\libhal_bsp.a(alt_load.o)
 .comment       0x0000000000000023       0x24 ../aestiming_bsp/\libhal_bsp.a(alt_main.o)
 .comment       0x0000000000000023       0x24 ../aestiming_bsp/\libhal_bsp.a(alt_sys_init.o)
 .comment       0x0000000000000023       0x24 ../aestiming_bsp/\libhal_bsp.a(altera_avalon_timer_vars.o)
 .comment       0x0000000000000023       0x24 ../aestiming_bsp/\libhal_bsp.a(alt_dcache_flush_all.o)
 .comment       0x0000000000000023       0x24 ../aestiming_bsp/\libhal_bsp.a(alt_icache_flush_all.o)
 .comment       0x0000000000000023       0x24 ../aestiming_bsp/\libhal_bsp.a(altera_nios2_gen2_irq.o)

.debug
 *(.debug)

.line
 *(.line)

.debug_srcinfo
 *(.debug_srcinfo)

.debug_sfnames
 *(.debug_sfnames)

.debug_aranges  0x0000000000000000      0x168
 *(.debug_aranges)
 .debug_aranges
                0x0000000000000000       0x28 ../aestiming_bsp//obj/HAL/src/crt0.o
 .debug_aranges
                0x0000000000000028       0x20 obj/default/aes.o
 .debug_aranges
                0x0000000000000048       0x28 obj/default/main.o
 .debug_aranges
                0x0000000000000070       0x20 c:/intelfpga_lite/18.1/nios2eds/bin/gnu/h-x86_64-mingw32/bin/../lib/gcc/nios2-elf/5.3.0/../../../../../H-x86_64-mingw32/nios2-elf/lib/mno-hw-mul\libsmallc.a(lib_a-memcpy.o)
 .debug_aranges
                0x0000000000000090       0x20 ../aestiming_bsp/\libhal_bsp.a(alt_load.o)
 .debug_aranges
                0x00000000000000b0       0x20 ../aestiming_bsp/\libhal_bsp.a(alt_main.o)
 .debug_aranges
                0x00000000000000d0       0x20 ../aestiming_bsp/\libhal_bsp.a(alt_sys_init.o)
 .debug_aranges
                0x00000000000000f0       0x18 ../aestiming_bsp/\libhal_bsp.a(altera_avalon_timer_vars.o)
 .debug_aranges
                0x0000000000000108       0x20 ../aestiming_bsp/\libhal_bsp.a(alt_dcache_flush_all.o)
 .debug_aranges
                0x0000000000000128       0x20 ../aestiming_bsp/\libhal_bsp.a(alt_icache_flush_all.o)
 .debug_aranges
                0x0000000000000148       0x20 ../aestiming_bsp/\libhal_bsp.a(altera_nios2_gen2_irq.o)

.debug_pubnames
 *(.debug_pubnames)

.debug_info     0x0000000000000000     0x1313
 *(.debug_info .gnu.linkonce.wi.*)
 .debug_info    0x0000000000000000       0x7d ../aestiming_bsp//obj/HAL/src/crt0.o
 .debug_info    0x000000000000007d      0x4cd obj/default/aes.o
 .debug_info    0x000000000000054a      0x542 obj/default/main.o
 .debug_info    0x0000000000000a8c      0x119 c:/intelfpga_lite/18.1/nios2eds/bin/gnu/h-x86_64-mingw32/bin/../lib/gcc/nios2-elf/5.3.0/../../../../../H-x86_64-mingw32/nios2-elf/lib/mno-hw-mul\libsmallc.a(lib_a-memcpy.o)
 .debug_info    0x0000000000000ba5      0x1c9 ../aestiming_bsp/\libhal_bsp.a(alt_load.o)
 .debug_info    0x0000000000000d6e      0x169 ../aestiming_bsp/\libhal_bsp.a(alt_main.o)
 .debug_info    0x0000000000000ed7      0x19d ../aestiming_bsp/\libhal_bsp.a(alt_sys_init.o)
 .debug_info    0x0000000000001074       0xe9 ../aestiming_bsp/\libhal_bsp.a(altera_avalon_timer_vars.o)
 .debug_info    0x000000000000115d       0x92 ../aestiming_bsp/\libhal_bsp.a(alt_dcache_flush_all.o)
 .debug_info    0x00000000000011ef       0x92 ../aestiming_bsp/\libhal_bsp.a(alt_icache_flush_all.o)
 .debug_info    0x0000000000001281       0x92 ../aestiming_bsp/\libhal_bsp.a(altera_nios2_gen2_irq.o)

.debug_abbrev   0x0000000000000000      0x7e7
 *(.debug_abbrev)
 .debug_abbrev  0x0000000000000000       0x12 ../aestiming_bsp//obj/HAL/src/crt0.o
 .debug_abbrev  0x0000000000000012      0x149 obj/default/aes.o
 .debug_abbrev  0x000000000000015b      0x1d3 obj/default/main.o
 .debug_abbrev  0x000000000000032e       0x9c c:/intelfpga_lite/18.1/nios2eds/bin/gnu/h-x86_64-mingw32/bin/../lib/gcc/nios2-elf/5.3.0/../../../../../H-x86_64-mingw32/nios2-elf/lib/mno-hw-mul\libsmallc.a(lib_a-memcpy.o)
 .debug_abbrev  0x00000000000003ca       0xd8 ../aestiming_bsp/\libhal_bsp.a(alt_load.o)
 .debug_abbrev  0x00000000000004a2       0xee ../aestiming_bsp/\libhal_bsp.a(alt_main.o)
 .debug_abbrev  0x0000000000000590      0x10e ../aestiming_bsp/\libhal_bsp.a(alt_sys_init.o)
 .debug_abbrev  0x000000000000069e       0x83 ../aestiming_bsp/\libhal_bsp.a(altera_avalon_timer_vars.o)
 .debug_abbrev  0x0000000000000721       0x42 ../aestiming_bsp/\libhal_bsp.a(alt_dcache_flush_all.o)
 .debug_abbrev  0x0000000000000763       0x42 ../aestiming_bsp/\libhal_bsp.a(alt_icache_flush_all.o)
 .debug_abbrev  0x00000000000007a5       0x42 ../aestiming_bsp/\libhal_bsp.a(altera_nios2_gen2_irq.o)

.debug_line     0x0000000000000000      0xcc3
 *(.debug_line)
 .debug_line    0x0000000000000000       0x66 ../aestiming_bsp//obj/HAL/src/crt0.o
 .debug_line    0x0000000000000066      0x5ab obj/default/aes.o
 .debug_line    0x0000000000000611      0x162 obj/default/main.o
 .debug_line    0x0000000000000773      0x15e c:/intelfpga_lite/18.1/nios2eds/bin/gnu/h-x86_64-mingw32/bin/../lib/gcc/nios2-elf/5.3.0/../../../../../H-x86_64-mingw32/nios2-elf/lib/mno-hw-mul\libsmallc.a(lib_a-memcpy.o)
 .debug_line    0x00000000000008d1       0xa4 ../aestiming_bsp/\libhal_bsp.a(alt_load.o)
 .debug_line    0x0000000000000975       0xbd ../aestiming_bsp/\libhal_bsp.a(alt_main.o)
 .debug_line    0x0000000000000a32      0x11b ../aestiming_bsp/\libhal_bsp.a(alt_sys_init.o)
 .debug_line    0x0000000000000b4d       0x8a ../aestiming_bsp/\libhal_bsp.a(altera_avalon_timer_vars.o)
 .debug_line    0x0000000000000bd7       0x4e ../aestiming_bsp/\libhal_bsp.a(alt_dcache_flush_all.o)
 .debug_line    0x0000000000000c25       0x4e ../aestiming_bsp/\libhal_bsp.a(alt_icache_flush_all.o)
 .debug_line    0x0000000000000c73       0x50 ../aestiming_bsp/\libhal_bsp.a(altera_nios2_gen2_irq.o)

.debug_frame    0x0000000000000000      0x274
 *(.debug_frame)
 .debug_frame   0x0000000000000000      0x100 obj/default/aes.o
 .debug_frame   0x0000000000000100       0x5c obj/default/main.o
 .debug_frame   0x000000000000015c       0x20 c:/intelfpga_lite/18.1/nios2eds/bin/gnu/h-x86_64-mingw32/bin/../lib/gcc/nios2-elf/5.3.0/../../../../../H-x86_64-mingw32/nios2-elf/lib/mno-hw-mul\libsmallc.a(lib_a-memcpy.o)
 .debug_frame   0x000000000000017c       0x30 ../aestiming_bsp/\libhal_bsp.a(alt_load.o)
 .debug_frame   0x00000000000001ac       0x2c ../aestiming_bsp/\libhal_bsp.a(alt_main.o)
 .debug_frame   0x00000000000001d8       0x3c ../aestiming_bsp/\libhal_bsp.a(alt_sys_init.o)
 .debug_frame   0x0000000000000214       0x20 ../aestiming_bsp/\libhal_bsp.a(alt_dcache_flush_all.o)
 .debug_frame   0x0000000000000234       0x20 ../aestiming_bsp/\libhal_bsp.a(alt_icache_flush_all.o)
 .debug_frame   0x0000000000000254       0x20 ../aestiming_bsp/\libhal_bsp.a(altera_nios2_gen2_irq.o)

.debug_str      0x0000000000000000      0x6a4
 *(.debug_str)
 .debug_str     0x0000000000000000      0x13d obj/default/aes.o
                                        0x14a (size before relaxing)
 .debug_str     0x000000000000013d       0xed obj/default/main.o
                                        0x24b (size before relaxing)
 .debug_str     0x000000000000022a      0x14e c:/intelfpga_lite/18.1/nios2eds/bin/gnu/h-x86_64-mingw32/bin/../lib/gcc/nios2-elf/5.3.0/../../../../../H-x86_64-mingw32/nios2-elf/lib/mno-hw-mul\libsmallc.a(lib_a-memcpy.o)
                                        0x1f3 (size before relaxing)
 .debug_str     0x0000000000000378      0x164 ../aestiming_bsp/\libhal_bsp.a(alt_load.o)
                                        0x24b (size before relaxing)
 .debug_str     0x00000000000004dc       0x5e ../aestiming_bsp/\libhal_bsp.a(alt_main.o)
                                        0x1c4 (size before relaxing)
 .debug_str     0x000000000000053a       0xe5 ../aestiming_bsp/\libhal_bsp.a(alt_sys_init.o)
                                        0x26d (size before relaxing)
 .debug_str     0x000000000000061f       0x27 ../aestiming_bsp/\libhal_bsp.a(altera_avalon_timer_vars.o)
                                        0x1c8 (size before relaxing)
 .debug_str     0x0000000000000646       0x1f ../aestiming_bsp/\libhal_bsp.a(alt_dcache_flush_all.o)
                                        0x164 (size before relaxing)
 .debug_str     0x0000000000000665       0x1f ../aestiming_bsp/\libhal_bsp.a(alt_icache_flush_all.o)
                                        0x164 (size before relaxing)
 .debug_str     0x0000000000000684       0x20 ../aestiming_bsp/\libhal_bsp.a(altera_nios2_gen2_irq.o)
                                        0x16b (size before relaxing)

.debug_loc      0x0000000000000000     0x115d
 *(.debug_loc)
 .debug_loc     0x0000000000000000      0x796 obj/default/aes.o
 .debug_loc     0x0000000000000796      0x871 obj/default/main.o
 .debug_loc     0x0000000000001007      0x135 c:/intelfpga_lite/18.1/nios2eds/bin/gnu/h-x86_64-mingw32/bin/../lib/gcc/nios2-elf/5.3.0/../../../../../H-x86_64-mingw32/nios2-elf/lib/mno-hw-mul\libsmallc.a(lib_a-memcpy.o)
 .debug_loc     0x000000000000113c       0x21 ../aestiming_bsp/\libhal_bsp.a(alt_sys_init.o)

.debug_macinfo
 *(.debug_macinfo)

.debug_weaknames
 *(.debug_weaknames)

.debug_funcnames
 *(.debug_funcnames)

.debug_typenames
 *(.debug_typenames)

.debug_varnames
 *(.debug_varnames)

.debug_alt_sim_info
                0x0000000000000000       0x10
 *(.debug_alt_sim_info)
 .debug_alt_sim_info
                0x0000000000000000       0x10 ../aestiming_bsp//obj/HAL/src/crt0.o
                0x0000000000020000                __alt_data_end = 0x20000
                0x0000000000020000                PROVIDE (__alt_stack_pointer, __alt_data_end)
                [!provide]                        PROVIDE (__alt_stack_limit, __alt_stack_base)
                [!provide]                        PROVIDE (__alt_heap_start, end)
                [!provide]                        PROVIDE (__alt_heap_limit, 0x20000)
OUTPUT(aestiming.elf elf32-littlenios2)

.debug_ranges   0x0000000000000000       0x90
 .debug_ranges  0x0000000000000000       0x20 ../aestiming_bsp//obj/HAL/src/crt0.o
 .debug_ranges  0x0000000000000020       0x18 obj/default/main.o
 .debug_ranges  0x0000000000000038       0x10 c:/intelfpga_lite/18.1/nios2eds/bin/gnu/h-x86_64-mingw32/bin/../lib/gcc/nios2-elf/5.3.0/../../../../../H-x86_64-mingw32/nios2-elf/lib/mno-hw-mul\libsmallc.a(lib_a-memcpy.o)
 .debug_ranges  0x0000000000000048       0x48 ../aestiming_bsp/\libhal_bsp.a(alt_load.o)
